no new line
at end of fileexists new line
at end of file
